// Jest Snapshot v1, https://goo.gl/fbAQLP

exports[`Home page matches snapshot 1`] = `
<DocumentFragment>
  <div
    class="jsx-2546281261 container"
  >
    <div
      position="static"
      style="color: rgba(0, 0, 0, 0.87); background-color: rgb(0, 188, 212); transition: all 450ms cubic-bezier(0.23, 1, 0.32, 1) 0ms; box-sizing: border-box; font-family: Roboto, sans-serif; box-shadow: 0 1px 6px rgba(0, 0, 0, 0.12),
         0 1px 4px rgba(0, 0, 0, 0.12); border-radius: 0px; position: relative; z-index: 1100; width: 100%; display: flex; padding-left: 24px; padding-right: 24px;"
    >
      <button
        style="border: 10px; box-sizing: border-box; display: inline-block; font-family: Roboto, sans-serif; cursor: pointer; text-decoration: none; margin: 8px 8px 0px -16px; padding: 12px; outline: none; font-size: 0px; font-weight: inherit; position: relative; overflow: visible; transition: all 450ms cubic-bezier(0.23, 1, 0.32, 1) 0ms; width: 48px; height: 48px; background: none;"
        tabindex="0"
        type="button"
      >
        <div>
          <svg
            style="display: inline-block; color: rgb(255, 255, 255); fill: #ffffff; height: 24px; width: 24px; user-select: none; transition: all 450ms cubic-bezier(0.23, 1, 0.32, 1) 0ms;"
            viewBox="0 0 24 24"
          >
            <path
              d="M3 18h18v-2H3v2zm0-5h18v-2H3v2zm0-7v2h18V6H3z"
            />
          </svg>
        </div>
      </button>
      <h1
        style="white-space: nowrap; overflow: hidden; text-overflow: ellipsis; margin: 0px; padding-top: 0px; letter-spacing: 0; font-size: 24px; font-weight: 400; color: rgb(255, 255, 255); height: 64px; line-height: 64px; flex: 1;"
      />
      <div
        style="box-sizing: border-box; background-color: rgb(232, 232, 232); height: 56px; padding: 0px 24px; display: flex; justify-content: space-between;"
      >
        <a
          href="/"
        >
          Home
        </a>
        <a
          href="/rawData"
        >
          Raw Data
        </a>
      </div>
    </div>
    <main
      class="jsx-2546281261"
    >
      0
    </main>
  </div>
</DocumentFragment>
`;
